
> forvows-temp@0.1.0 build
> next build

Γû▓ Next.js 16.2.1 (Turbopack)
- Environments: .env.local

node.exe : ΓÜá The 
"middleware" file 
convention is 
deprecated. Please use 
"proxy" instead. Learn 
more: https://nextjs.org
/docs/messages/middlewar
e-to-proxy
At line:1 char:1
+ & "C:\Program 
Files\nodejs/node.exe" 
"C:\Program 
Files\nodejs/node_mo ...
+ ~~~~~~~~~~~~~~~~~~~~~~
~~~~~~~~~~~~~~~~~~~~~~~~
~~~~~~~~~~~~~~~~~~~~~~~
    + CategoryInfo      
        : NotSpecified: 
(Γ    Üá The 
"middle...lewa    
re-to-proxy:String) [   
 ], RemoteException
    + 
FullyQualifiedError    
Id : NativeCommandErr   
 or
 
  Creating an optimized production build ...
Γ£ô Compiled successfully in 4.4s
  Running TypeScript ...
  Finished TypeScript in 5.4s ...
  Collecting page data using 15 workers ...
  Generating static pages using 15 workers (0/44) ...
  Generating static pages using 15 workers (11/44) 
  Generating static pages using 15 workers (22/44) 
  Generating static pages using 15 workers (33/44) 
Γ£ô Generating static pages using 15 workers (44/44) in 808ms
  Finalizing page optimization ...

Route (app)
Γöî ╞Æ /
Γö£ Γùï /_not-found
Γö£ ╞Æ /about
Γö£ Γùï /admin
Γö£ Γùï /admin/customers
Γö£ Γùï /admin/dashboard
Γö£ Γùï /admin/login
Γö£ Γùï /admin/orders
Γö£ ╞Æ /admin/orders/[id]
Γö£ Γùï /admin/portfolio
Γö£ Γùï /admin/rsvp
Γö£ Γùï /admin/settings
Γö£ Γùï /admin/templates
Γö£ ╞Æ /api/admin-login
Γö£ ╞Æ /api/contact
Γö£ ╞Æ /api/customers
Γö£ ╞Æ /api/midtrans/create-snap-token
Γö£ ╞Æ /api/midtrans/payment-notification
Γö£ ╞Æ /api/orders
Γö£ ╞Æ /api/orders/[id]
Γö£ ╞Æ /api/orders/create
Γö£ ╞Æ /api/settings
Γö£ ╞Æ /api/webhook/whatsapp
Γö£ ╞Æ /auth/callback
Γö£ Γùï /auth/login
Γö£ Γùï /auth/register
Γö£ Γùï /cart
Γö£ Γùï /contact
Γö£ Γùï /dashboard
Γö£ Γùï /dashboard/billing
Γö£ Γùï /dashboard/profile
Γö£ Γùï /dashboard/support
Γö£ ╞Æ /demo/[slug]
Γö£ ╞Æ /features
Γö£ ╞Æ /how-it-works
Γö£ Γùï /order
Γö£ Γùï /order-success
Γö£ Γùï /order/success
Γö£ ╞Æ /orders/[code]
Γö£ ╞Æ /portfolio
Γö£ ╞Æ /pricing
Γö£ ╞Æ /privacy
Γö£ Γùï /robots.txt
Γö£ Γùï /sitemap.xml
Γö£ ╞Æ /t/[slug]
Γö£ ╞Æ /templates
Γö£ ╞Æ /templates/[slug]
Γöö ╞Æ /terms


╞Æ Proxy (Middleware)

Γùï  (Static)   prerendered as static content
╞Æ  (Dynamic)  server-rendered on demand

